No files changed, compilation skipped

Ran 22 tests for test/LicenseNftHolderWhitelistHookTest.t.sol:LicenseNftHolderWhitelistHookTest
[PASS] test_addWhitelistNft_emits_enriched_event() (gas: 204028)
[PASS] test_beforeMint_anyOfMultipleWhitelistedCollections_isEnough_whenProvided() (gas: 439010)
[PASS] test_beforeMint_multipleAmount_feeMultiplies() (gas: 315923)
[PASS] test_beforeMint_receiverCanDifferFromCaller() (gas: 316019)
[PASS] test_beforeMint_success_whenCallerHoldsWhitelistedNft() (gas: 318052)
[PASS] test_beforeRegisterDerivative_success_whenCallerHoldsWhitelistedNft() (gas: 315892)
[PASS] test_calculateMintingFee_matches_beforeMint_fee() (gas: 62182)
[PASS] test_isNftWhitelisted_falseByDefault() (gas: 39014)
[PASS] test_removeWhitelistNft_emits_enriched_event() (gas: 277390)
[PASS] test_revert_addWhitelistNft_notAttached() (gas: 370994)
[PASS] test_revert_addWhitelistNft_notContract() (gas: 163278)
[PASS] test_revert_addWhitelistNft_notERC721() (gas: 163922)
[PASS] test_revert_addWhitelistNft_whenAlreadyWhitelisted() (gas: 286445)
[PASS] test_revert_addWhitelistNft_whenNoPermission() (gas: 158620)
[PASS] test_revert_addWhitelistNft_zeroAddress() (gas: 158051)
[PASS] test_revert_beforeMint_whenCandidateNotOwned() (gas: 203463)
[PASS] test_revert_beforeMint_whenCandidateNotWhitelisted() (gas: 117666)
[PASS] test_revert_beforeMint_whenHookDataInvalid() (gas: 268943)
[PASS] test_revert_beforeRegisterDerivative_whenCandidateNotOwned() (gas: 203419)
[PASS] test_revert_removeWhitelistNft_whenNoPermission() (gas: 297537)
[PASS] test_revert_removeWhitelistNft_whenNotWhitelisted() (gas: 152808)
[PASS] test_scopeResets_onIpOwnershipTransfer() (gas: 492073)
Suite result: ok. 22 passed; 0 failed; 0 skipped; finished in 12.67s (885.54ms CPU time)

Ran 1 test suite in 13.11s (12.67s CPU time): 22 tests passed, 0 failed, 0 skipped (22 total tests)
